../Core/Src/main.c:74:5:main	8	static
../Core/Src/main.c:130:6:SystemClock_Config	88	static
../Core/Src/main.c:176:13:MX_TIM2_Init	64	static
../Core/Src/main.c:239:13:MX_TIM3_Init	64	static
../Core/Src/main.c:302:13:MX_TIM4_Init	64	static
../Core/Src/main.c:365:13:MX_TIM5_Init	64	static
../Core/Src/main.c:428:13:MX_USART1_UART_Init	8	static
../Core/Src/main.c:461:13:MX_GPIO_Init	48	static
../Core/Src/main.c:484:6:HAL_UART_RxCpltCallback	16	static
../Core/Src/main.c:578:6:Error_Handler	4	static,ignoring_inline_asm
